// Jest Snapshot v1, https://goo.gl/fbAQLP

exports[`Experience renders without crashing 1`] = `
.c0 {
  margin: 2em 0 0 0;
  padding: 2em 0 0 0;
}

.c0:first-child {
  margin-top: 0;
  padding-top: 0;
}

.c0 p {
  color: #b2b2b2;
  position: relative;
  margin: 0 0 2em 0;
}

.c0 p strong {
  color: #ffffff;
  font-weight: 700;
}

.c1 h1,
.c1 h2 {
  color: #ffffff;
  font-weight: 700;
}

.c1 h1 {
  margin: 0 0 1em;
  line-height: 1.5em;
}

.c1 h2 {
  margin: 0 0 1em;
  font-size: 1.5em;
  line-height: 1.5em;
}

.c2 h3 {
  color: #ffffff;
  font-weight: 700;
  font-size: 1.25em;
  line-height: 1.5em;
}

.c2 h3 strong {
  color: #0B61A4;
  font-weight: 700;
  float: right;
}

@media screen and (max-width:736px) {
  .c0 {
    margin: 1.5em 0 0 0;
    padding: 1.5em 0 0 0;
  }
}

@media screen and (max-width:736px) {
  .c1 h2 {
    font-size: 1.2em;
  }
}

@media screen and (max-width:736px) {
  .c2 h3 {
    font-size: 1em;
  }
}

<div>
  <section
    class="c0"
  >
    <header
      class="c1"
    >
      <h2>
        Experience
      </h2>
    </header>
    <article
      class="c2"
    >
      <h3>
        Test company 1
         (
        London, United Kingdom
        ) 
        <strong>
          January 2019 – Present
        </strong>
      </h3>
      <p>
        Lorem ipsum dolor sit amet, consectetur adipiscing elit. Donec nec dolor leo. Interdum et malesuada fames ac ante ipsum primis in faucibus. Quisque vulputate volutpat nisi et auctor.
      </p>
    </article>
    <article
      class="c2"
    >
      <h3>
        Test company 2
         (
        Tokyo, Japan
        ) 
        <strong>
          August 2008 – January 2019
        </strong>
      </h3>
      <p>
        Lorem ipsum dolor sit amet, consectetur adipiscing elit. Nulla non sapien ligula. Integer dignissim luctus augue sit amet commodo. Nunc hendrerit interdum sapien sed pretium.
      </p>
    </article>
  </section>
</div>
`;
